AVSL cross-entry + immediate AVSL trailing (config 70/345, NORMAL, tf=1H, assets=35): entry=cross, initSL=2xATR14, trail=AVSL-0.3ATR monotonic causal from bar 1; bench=always-in same orientation; exit=SL|reverse-cross; R=2xATR
       BTC TRAIN    trail: n= 275 evG=+0.011 evN=-0.089 win=11% hold=  26 maxDD=51.8R
       BTC TRAIN    bench: n= 367 evG=+0.122 evN=+0.023 win=14% hold=  33 maxDD=40.4R
       BTC TEST    trail: n=  56 evG=-0.249 evN=-0.365 win=14% hold=  23 maxDD=19.4R
       BTC TEST    bench: n=  74 evG=+0.303 evN=+0.186 win=12% hold=  53 maxDD=21.2R
       ETH TRAIN    trail: n= 234 evG=+0.251 evN=+0.188 win=18% hold=  30 maxDD=18.2R
       ETH TRAIN    bench: n= 319 evG=+0.186 evN=+0.123 win=18% hold=  39 maxDD=27.4R
       ETH TEST    trail: n=  53 evG=+0.449 evN=+0.363 win=11% hold=  41 maxDD=11.7R
       ETH TEST    bench: n=  70 evG=+0.751 evN=+0.661 win=14% hold=  56 maxDD=14.7R
       SOL TRAIN    trail: n= 246 evG=+0.339 evN=+0.283 win=16% hold=  30 maxDD=18.3R
       SOL TRAIN    bench: n= 341 evG=+0.120 evN=+0.064 win=15% hold=  36 maxDD=28.3R
       SOL TEST    trail: n=  62 evG=+0.404 evN=+0.334 win=13% hold=  26 maxDD=13.1R
       SOL TEST    bench: n=  82 evG=+0.291 evN=+0.221 win=16% hold=  47 maxDD=14.7R
       XRP TRAIN    trail: n= 199 evG=+0.361 evN=+0.298 win=16% hold=  34 maxDD=25.2R
       XRP TRAIN    bench: n= 271 evG=+0.178 evN=+0.113 win=16% hold=  46 maxDD=40.2R
       XRP TEST    trail: n=  63 evG=+0.618 evN=+0.541 win=16% hold=  32 maxDD=10.4R
       XRP TEST    bench: n=  88 evG=+0.545 evN=+0.468 win=15% hold=  45 maxDD=11.8R
      DOGE TRAIN    trail: n= 173 evG=+0.329 evN=+0.280 win=17% hold=  30 maxDD=25.7R
      DOGE TRAIN    bench: n= 247 evG=+0.322 evN=+0.274 win=20% hold=  50 maxDD=27.5R
      DOGE TEST    trail: n= 116 evG=-0.113 evN=-0.192 win=6% hold=  16 maxDD=28.4R
      DOGE TEST    bench: n= 167 evG=+0.087 evN=+0.008 win=11% hold=  24 maxDD=39.9R
      AVAX TRAIN    trail: n= 245 evG=+0.251 evN=+0.197 win=14% hold=  26 maxDD=25.5R
      AVAX TRAIN    bench: n= 333 evG=+0.129 evN=+0.076 win=14% hold=  37 maxDD=36.8R
      AVAX TEST    trail: n= 109 evG=-0.290 evN=-0.354 win=7% hold=  16 maxDD=38.4R
      AVAX TEST    bench: n= 154 evG=-0.309 evN=-0.373 win=6% hold=  25 maxDD=57.6R
      LINK TRAIN    trail: n= 222 evG=+0.113 evN=+0.056 win=11% hold=  25 maxDD=32.4R
      LINK TRAIN    bench: n= 311 evG=+0.108 evN=+0.051 win=13% hold=  40 maxDD=44.0R
      LINK TEST    trail: n=  68 evG=-0.139 evN=-0.206 win=9% hold=  27 maxDD=13.2R
      LINK TEST    bench: n=  81 evG=+0.368 evN=+0.300 win=16% hold=  46 maxDD=10.2R
       LTC TRAIN    trail: n= 207 evG=+0.437 evN=+0.369 win=16% hold=  39 maxDD=14.2R
       LTC TRAIN    bench: n= 275 evG=+0.086 evN=+0.019 win=15% hold=  45 maxDD=49.4R
       LTC TEST    trail: n=  52 evG=+0.281 evN=+0.198 win=15% hold=  27 maxDD=11.5R
       LTC TEST    bench: n=  64 evG=+0.293 evN=+0.210 win=19% hold=  61 maxDD=14.4R
      NEAR TRAIN    trail: n= 173 evG=+0.484 evN=+0.439 win=18% hold=  33 maxDD=17.6R
      NEAR TRAIN    bench: n= 232 evG=+0.483 evN=+0.438 win=20% hold=  53 maxDD=17.1R
      NEAR TEST    trail: n=  92 evG=+0.210 evN=+0.166 win=18% hold=  27 maxDD=6.9R
      NEAR TEST    bench: n= 122 evG=-0.016 evN=-0.062 win=16% hold=  33 maxDD=21.0R
       BNB TRAIN    trail: n= 181 evG=+0.304 evN=+0.207 win=15% hold=  35 maxDD=20.2R
       BNB TRAIN    bench: n= 251 evG=+0.345 evN=+0.246 win=16% hold=  49 maxDD=33.5R
       BNB TEST    trail: n=  83 evG=+0.310 evN=+0.191 win=11% hold=  24 maxDD=17.6R
       BNB TEST    bench: n= 114 evG=+0.048 evN=-0.070 win=12% hold=  35 maxDD=23.3R
       ADA TRAIN    trail: n= 153 evG=+0.435 evN=+0.383 win=15% hold=  33 maxDD=11.8R
       ADA TRAIN    bench: n= 207 evG=+0.479 evN=+0.427 win=19% hold=  60 maxDD=20.9R
       ADA TEST    trail: n=  84 evG=-0.196 evN=-0.251 win=11% hold=  20 maxDD=20.7R
       ADA TEST    bench: n= 114 evG=-0.171 evN=-0.228 win=10% hold=  35 maxDD=31.4R
       DOT TRAIN    trail: n= 169 evG=+0.522 evN=+0.463 win=17% hold=  35 maxDD=11.0R
       DOT TRAIN    bench: n= 227 evG=+0.355 evN=+0.297 win=20% hold=  54 maxDD=32.0R
       DOT TEST    trail: n=  96 evG=-0.025 evN=-0.081 win=11% hold=  20 maxDD=22.2R
       DOT TEST    bench: n= 129 evG=-0.141 evN=-0.196 win=10% hold=  29 maxDD=35.8R
       UNI TRAIN    trail: n= 245 evG=+0.473 evN=+0.433 win=14% hold=  30 maxDD=16.2R
       UNI TRAIN    bench: n= 355 evG=+0.107 evN=+0.066 win=14% hold=  35 maxDD=38.1R
       UNI TEST    trail: n=  77 evG=+0.097 evN=+0.051 win=8% hold=  23 maxDD=14.4R
       UNI TEST    bench: n= 105 evG=-0.015 evN=-0.062 win=13% hold=  38 maxDD=23.7R
      ATOM TRAIN    trail: n= 210 evG=+0.230 evN=+0.168 win=17% hold=  25 maxDD=36.2R
      ATOM TRAIN    bench: n= 293 evG=+0.190 evN=+0.129 win=18% hold=  42 maxDD=55.6R
      ATOM TEST    trail: n=  63 evG=+0.105 evN=+0.034 win=11% hold=  33 maxDD=8.8R
      ATOM TEST    bench: n=  85 evG=+0.205 evN=+0.134 win=18% hold=  45 maxDD=9.9R
       APT TRAIN    trail: n= 178 evG=+0.487 evN=+0.435 win=17% hold=  33 maxDD=14.2R
       APT TRAIN    bench: n= 237 evG=+0.229 evN=+0.176 win=18% hold=  52 maxDD=40.0R
       APT TEST    trail: n= 102 evG=+0.084 evN=+0.017 win=12% hold=  23 maxDD=13.2R
       APT TEST    bench: n= 146 evG=-0.300 evN=-0.367 win=10% hold=  27 maxDD=55.9R
       ARB TRAIN    trail: n=  28 evG=+1434265716.776 evN=-43628804991328960.000 win=21% hold= 247 maxDD=1221606539774703104.0R
       ARB TRAIN    bench: n=  36 evG=-7846163809051345920.000 evN=-7880097325160140800.000 win=25% hold= 335 maxDD=285758384726990585856.0R
       ARB TEST    trail: n=   3 evG=-0.496 evN=-13694673999723752.000 win=0% hold= 767 maxDD=41084021999171256.0R
       ARB TEST    bench: n=   3 evG=-8928777.970 evN=-8990394.326 win=33% hold= 958 maxDD=26971183.6R
        OP TRAIN    trail: n= 236 evG=+0.210 evN=+0.160 win=16% hold=  27 maxDD=16.3R
        OP TRAIN    bench: n= 325 evG=+0.039 evN=-0.010 win=16% hold=  38 maxDD=44.5R
        OP TEST    trail: n= 107 evG=-0.091 evN=-0.134 win=9% hold=  18 maxDD=20.8R
        OP TEST    bench: n= 136 evG=-0.205 evN=-0.248 win=7% hold=  29 maxDD=35.4R
       FIL TRAIN    trail: n= 167 evG=+0.330 evN=+0.280 win=17% hold=  34 maxDD=20.1R
       FIL TRAIN    bench: n= 225 evG=+0.311 evN=+0.261 win=20% hold=  55 maxDD=18.6R
       FIL TEST    trail: n= 131 evG=-0.214 evN=-0.273 win=8% hold=  17 maxDD=37.8R
       FIL TEST    bench: n= 173 evG=-0.180 evN=-0.239 win=12% hold=  23 maxDD=41.7R
       INJ TRAIN    trail: n= 179 evG=+0.338 evN=+0.289 win=17% hold=  36 maxDD=23.0R
       INJ TRAIN    bench: n= 249 evG=+0.255 evN=+0.205 win=16% hold=  50 maxDD=42.1R
       INJ TEST    trail: n=  70 evG=+0.366 evN=+0.322 win=20% hold=  35 maxDD=7.5R
       INJ TEST    bench: n=  96 evG=+0.172 evN=+0.129 win=19% hold=  41 maxDD=16.7R
       SUI TRAIN    trail: n= 233 evG=+0.289 evN=+0.240 win=14% hold=  27 maxDD=27.4R
       SUI TRAIN    bench: n= 312 evG=+0.183 evN=+0.134 win=17% hold=  40 maxDD=41.8R
       SUI TEST    trail: n=  85 evG=-0.078 evN=-0.135 win=5% hold=   9 maxDD=25.3R
       SUI TEST    bench: n= 109 evG=+0.002 evN=-0.055 win=12% hold=  36 maxDD=25.2R
       TIA TRAIN    trail: n= 168 evG=+0.336 evN=+0.281 win=21% hold=  39 maxDD=14.4R
       TIA TRAIN    bench: n= 243 evG=-1005.535 evN=-1005.588 win=19% hold=  51 maxDD=244397.7R
       TIA TEST    trail: n=  62 evG=-0.062 evN=-0.109 win=13% hold=  26 maxDD=16.8R
       TIA TEST    bench: n=  81 evG=+0.272 evN=+0.223 win=17% hold=  45 maxDD=22.5R
       SEI TRAIN    trail: n= 259 evG=+0.140 evN=+0.093 win=9% hold=  23 maxDD=18.3R
       SEI TRAIN    bench: n= 350 evG=+0.108 evN=+0.061 win=12% hold=  35 maxDD=43.8R
       SEI TEST    trail: n=  84 evG=+0.072 evN=+0.020 win=12% hold=  28 maxDD=12.4R
       SEI TEST    bench: n= 115 evG=-0.180 evN=-0.231 win=12% hold=  31 maxDD=31.0R
       FET TRAIN    trail: n= 182 evG=+0.457 evN=+0.418 win=14% hold=  37 maxDD=13.7R
       FET TRAIN    bench: n= 246 evG=+0.453 evN=+0.413 win=20% hold=  50 maxDD=35.0R
       FET TEST    trail: n=  87 evG=-0.080 evN=-0.120 win=10% hold=  24 maxDD=12.1R
       FET TEST    bench: n= 116 evG=-0.100 evN=-0.140 win=11% hold=  35 maxDD=20.3R
      AAVE TRAIN    trail: n= 197 evG=+0.154 evN=+0.105 win=16% hold=  27 maxDD=20.6R
      AAVE TRAIN    bench: n= 273 evG=+0.228 evN=+0.179 win=19% hold=  45 maxDD=36.8R
      AAVE TEST    trail: n=  46 evG=+0.834 evN=+0.786 win=22% hold=  34 maxDD=5.6R
      AAVE TEST    bench: n=  64 evG=+0.441 evN=+0.393 win=20% hold=  59 maxDD=13.4R
       GRT TRAIN    trail: n= 202 evG=+0.011 evN=-0.045 win=15% hold=  26 maxDD=30.5R
       GRT TRAIN    bench: n= 277 evG=+0.021 evN=-0.035 win=17% hold=  45 maxDD=59.8R
       GRT TEST    trail: n=  61 evG=-0.018 evN=-0.086 win=20% hold=  44 maxDD=13.9R
       GRT TEST    bench: n=  83 evG=+0.142 evN=+0.074 win=18% hold=  48 maxDD=25.1R
      ALGO TRAIN    trail: n= 206 evG=+0.185 evN=+0.129 win=14% hold=  30 maxDD=16.2R
      ALGO TRAIN    bench: n= 275 evG=+0.115 evN=+0.059 win=17% hold=  45 maxDD=36.3R
      ALGO TEST    trail: n=  86 evG=-0.130 evN=-0.179 win=9% hold=  20 maxDD=17.9R
      ALGO TEST    bench: n= 117 evG=-0.124 evN=-0.175 win=14% hold=  33 maxDD=26.1R
       VET TRAIN    trail: n= 200 evG=+0.345 evN=+0.287 win=13% hold=  37 maxDD=17.0R
       VET TRAIN    bench: n= 271 evG=+0.040 evN=-0.018 win=13% hold=  46 maxDD=46.8R
       VET TEST    trail: n=  88 evG=+0.297 evN=+0.228 win=8% hold=  18 maxDD=20.5R
       VET TEST    bench: n= 115 evG=+0.164 evN=+0.095 win=10% hold=  34 maxDD=22.5R
       ICP TRAIN    trail: n= 265 evG=+0.101 evN=+0.052 win=14% hold=  24 maxDD=17.8R
       ICP TRAIN    bench: n= 361 evG=-0.022 evN=-0.070 win=14% hold=  34 maxDD=40.9R
       ICP TEST    trail: n= 118 evG=-0.238 evN=-0.298 win=10% hold=  14 maxDD=38.3R
       ICP TEST    bench: n= 161 evG=-0.192 evN=-0.253 win=11% hold=  23 maxDD=50.3R
      HBAR TRAIN    trail: n= 189 evG=+0.335 evN=+0.286 win=14% hold=  34 maxDD=18.1R
      HBAR TRAIN    bench: n= 262 evG=+0.035 evN=-0.013 win=16% hold=  47 maxDD=86.2R
      HBAR TEST    trail: n= 131 evG=-0.197 evN=-0.261 win=7% hold=  15 maxDD=37.8R
      HBAR TEST    bench: n= 168 evG=-0.186 evN=-0.251 win=10% hold=  23 maxDD=42.7R
       ETC TRAIN    trail: n= 184 evG=+0.159 evN=+0.095 win=15% hold=  31 maxDD=17.6R
       ETC TRAIN    bench: n= 251 evG=+0.126 evN=+0.062 win=18% hold=  49 maxDD=27.3R
       ETC TEST    trail: n= 120 evG=-0.119 evN=-0.199 win=5% hold=  16 maxDD=40.1R
       ETC TEST    bench: n= 169 evG=-0.219 evN=-0.300 win=5% hold=  22 maxDD=70.5R
       BCH TRAIN    trail: n= 226 evG=+0.090 evN=+0.024 win=14% hold=  29 maxDD=29.1R
       BCH TRAIN    bench: n= 319 evG=-0.039 evN=-0.106 win=15% hold=  38 maxDD=60.2R
       BCH TEST    trail: n=  68 evG=+0.349 evN=+0.276 win=13% hold=  25 maxDD=8.7R
       BCH TEST    bench: n=  90 evG=-0.190 evN=-0.265 win=10% hold=  41 maxDD=36.5R
       TRX TRAIN    trail: n= 209 evG=+0.550 evN=+0.409 win=14% hold=  38 maxDD=17.5R
       TRX TRAIN    bench: n= 293 evG=+0.605 evN=+0.468 win=15% hold=  42 maxDD=65.5R
       TRX TEST    trail: n=  59 evG=+0.400 evN=+0.057 win=19% hold=  39 maxDD=27.6R
       TRX TEST    bench: n=  85 evG=+0.318 evN=-0.029 win=14% hold=  45 maxDD=58.3R
      SHIB TRAIN    trail: n= 216 evG=+0.055 evN=-0.005 win=13% hold=  28 maxDD=35.3R
      SHIB TRAIN    bench: n= 287 evG=+0.191 evN=+0.132 win=17% hold=  43 maxDD=27.3R
      SHIB TEST    trail: n=  78 evG=+0.040 evN=-0.026 win=9% hold=  21 maxDD=14.7R
      SHIB TEST    bench: n= 107 evG=-0.063 evN=-0.130 win=9% hold=  37 maxDD=35.4R
      PEPE TRAIN    trail: n= 161 evG=+0.276 evN=+0.234 win=17% hold=  36 maxDD=9.5R
      PEPE TRAIN    bench: n= 229 evG=+0.506 evN=+0.463 win=20% hold=  54 maxDD=16.1R
      PEPE TEST    trail: n=  56 evG=+0.150 evN=+0.091 win=11% hold=  18 maxDD=13.3R
      PEPE TEST    bench: n=  80 evG=+0.067 evN=+0.007 win=15% hold=  49 maxDD=19.8R
       WIF TRAIN    trail: n= 183 evG=+0.322 evN=+0.286 win=20% hold=  36 maxDD=13.2R
       WIF TRAIN    bench: n= 257 evG=+0.187 evN=+0.151 win=21% hold=  48 maxDD=18.5R
       WIF TEST    trail: n=  74 evG=+0.127 evN=+0.077 win=9% hold=  27 maxDD=22.9R
       WIF TEST    bench: n= 103 evG=+0.117 evN=+0.066 win=10% hold=  39 maxDD=25.9R
AVSL cross-entry + immediate AVSL trailing (config 70/345, REVERSED, tf=1H, assets=35): entry=cross, initSL=2xATR14, trail=AVSL-0.3ATR monotonic causal from bar 1; bench=always-in same orientation; exit=SL|reverse-cross; R=2xATR
       BTC TRAIN    trail: n= 183 evG=+0.131 evN=+0.033 win=42% hold=  20 maxDD=19.9R
       BTC TRAIN    bench: n= 367 evG=-0.122 evN=-0.222 win=86% hold=  33 maxDD=100.0R
       BTC TEST    trail: n=  39 evG=-0.073 evN=-0.184 win=44% hold=  27 maxDD=9.1R
       BTC TEST    bench: n=  74 evG=-0.303 evN=-0.419 win=88% hold=  53 maxDD=39.6R
       ETH TRAIN    trail: n= 168 evG=-0.003 evN=-0.065 win=39% hold=  27 maxDD=31.7R
       ETH TRAIN    bench: n= 319 evG=-0.186 evN=-0.249 win=82% hold=  39 maxDD=95.2R
       ETH TEST    trail: n=  39 evG=+0.322 evN=+0.233 win=28% hold=  46 maxDD=12.3R
       ETH TEST    bench: n=  70 evG=-0.751 evN=-0.841 win=86% hold=  56 maxDD=67.9R
       SOL TRAIN    trail: n= 171 evG=+0.067 evN=+0.012 win=38% hold=  24 maxDD=16.6R
       SOL TRAIN    bench: n= 341 evG=-0.120 evN=-0.176 win=85% hold=  36 maxDD=86.4R
       SOL TEST    trail: n=  44 evG=-0.165 evN=-0.235 win=41% hold=  20 maxDD=10.7R
       SOL TEST    bench: n=  82 evG=-0.291 evN=-0.361 win=84% hold=  47 maxDD=44.7R
       XRP TRAIN    trail: n= 136 evG=+0.374 evN=+0.309 win=50% hold=  22 maxDD=15.1R
       XRP TRAIN    bench: n= 271 evG=-0.178 evN=-0.243 win=84% hold=  46 maxDD=70.2R
       XRP TEST    trail: n=  44 evG=+0.133 evN=+0.056 win=50% hold=  29 maxDD=8.8R
       XRP TEST    bench: n=  88 evG=-0.545 evN=-0.623 win=85% hold=  45 maxDD=72.1R
      DOGE TRAIN    trail: n= 130 evG=+0.298 evN=+0.249 win=45% hold=  23 maxDD=19.6R
      DOGE TRAIN    bench: n= 247 evG=-0.322 evN=-0.371 win=80% hold=  50 maxDD=106.6R
      DOGE TEST    trail: n=  75 evG=+0.262 evN=+0.185 win=44% hold=  26 maxDD=7.0R
      DOGE TEST    bench: n= 167 evG=-0.087 evN=-0.166 win=89% hold=  24 maxDD=48.0R
      AVAX TRAIN    trail: n= 172 evG=+0.490 evN=+0.438 win=45% hold=  26 maxDD=8.9R
      AVAX TRAIN    bench: n= 333 evG=-0.129 evN=-0.181 win=86% hold=  37 maxDD=84.4R
      AVAX TEST    trail: n=  79 evG=-0.233 evN=-0.297 win=44% hold=  14 maxDD=22.3R
      AVAX TEST    bench: n= 154 evG=+0.309 evN=+0.245 win=94% hold=  25 maxDD=21.6R
      LINK TRAIN    trail: n= 157 evG=+0.423 evN=+0.368 win=42% hold=  20 maxDD=18.5R
      LINK TRAIN    bench: n= 311 evG=-0.108 evN=-0.166 win=87% hold=  40 maxDD=81.1R
      LINK TEST    trail: n=  45 evG=-0.209 evN=-0.276 win=49% hold=   9 maxDD=11.3R
      LINK TEST    bench: n=  81 evG=-0.368 evN=-0.437 win=84% hold=  46 maxDD=48.4R
       LTC TRAIN    trail: n= 151 evG=-0.019 evN=-0.086 win=40% hold=  19 maxDD=37.1R
       LTC TRAIN    bench: n= 275 evG=-0.086 evN=-0.153 win=85% hold=  45 maxDD=71.5R
       LTC TEST    trail: n=  38 evG=-0.286 evN=-0.370 win=37% hold=  19 maxDD=12.9R
       LTC TEST    bench: n=  64 evG=-0.293 evN=-0.376 win=81% hold=  61 maxDD=41.1R
      NEAR TRAIN    trail: n= 118 evG=+0.471 evN=+0.426 win=45% hold=  32 maxDD=8.5R
      NEAR TRAIN    bench: n= 232 evG=-0.483 evN=-0.528 win=80% hold=  53 maxDD=128.8R
      NEAR TEST    trail: n=  58 evG=+0.131 evN=+0.085 win=47% hold=  22 maxDD=6.0R
      NEAR TEST    bench: n= 122 evG=+0.016 evN=-0.029 win=82% hold=  33 maxDD=13.6R
       BNB TRAIN    trail: n= 119 evG=+0.830 evN=+0.732 win=45% hold=  37 maxDD=13.2R
       BNB TRAIN    bench: n= 251 evG=-0.345 evN=-0.445 win=84% hold=  49 maxDD=133.1R
       BNB TEST    trail: n=  59 evG=-0.166 evN=-0.281 win=41% hold=  14 maxDD=15.9R
       BNB TEST    bench: n= 114 evG=-0.048 evN=-0.166 win=88% hold=  35 maxDD=41.9R
       ADA TRAIN    trail: n= 108 evG=+0.646 evN=+0.594 win=46% hold=  41 maxDD=9.1R
       ADA TRAIN    bench: n= 207 evG=-0.479 evN=-0.531 win=81% hold=  60 maxDD=119.5R
       ADA TEST    trail: n=  53 evG=+0.041 evN=-0.016 win=47% hold=  24 maxDD=8.2R
       ADA TEST    bench: n= 114 evG=+0.171 evN=+0.114 win=90% hold=  35 maxDD=19.1R
       DOT TRAIN    trail: n= 119 evG=+0.308 evN=+0.251 win=44% hold=  31 maxDD=15.5R
       DOT TRAIN    bench: n= 227 evG=-0.355 evN=-0.413 win=80% hold=  54 maxDD=100.8R
       DOT TEST    trail: n=  63 evG=+0.024 evN=-0.032 win=40% hold=  19 maxDD=9.6R
       DOT TEST    bench: n= 129 evG=+0.141 evN=+0.085 win=90% hold=  29 maxDD=14.6R
       UNI TRAIN    trail: n= 183 evG=-0.196 evN=-0.237 win=39% hold=  12 maxDD=49.9R
       UNI TRAIN    bench: n= 355 evG=-0.107 evN=-0.148 win=86% hold=  35 maxDD=78.7R
       UNI TEST    trail: n=  53 evG=-0.195 evN=-0.240 win=30% hold=  20 maxDD=13.6R
       UNI TEST    bench: n= 105 evG=+0.015 evN=-0.033 win=87% hold=  38 maxDD=25.0R
      ATOM TRAIN    trail: n= 146 evG=+0.113 evN=+0.052 win=46% hold=  20 maxDD=21.9R
      ATOM TRAIN    bench: n= 293 evG=-0.190 evN=-0.252 win=82% hold=  42 maxDD=78.9R
      ATOM TEST    trail: n=  46 evG=-0.167 evN=-0.239 win=41% hold=  17 maxDD=11.5R
      ATOM TEST    bench: n=  85 evG=-0.205 evN=-0.276 win=82% hold=  45 maxDD=27.0R
       APT TRAIN    trail: n= 128 evG=-0.119 evN=-0.171 win=48% hold=  20 maxDD=21.0R
       APT TRAIN    bench: n= 237 evG=-0.229 evN=-0.282 win=82% hold=  52 maxDD=90.0R
       APT TEST    trail: n=  68 evG=+0.250 evN=+0.185 win=56% hold=  30 maxDD=4.5R
       APT TEST    bench: n= 146 evG=+0.300 evN=+0.234 win=90% hold=  27 maxDD=12.9R
       ARB TRAIN    trail: n=  20 evG=+1505997.309 evN=-75039396.301 win=30% hold= 487 maxDD=1530664239.8R
       ARB TRAIN    bench: n=  36 evG=+7846163809051345920.000 evN=+7812230292942548992.000 win=64% hold= 335 maxDD=2092948653702566656.0R
       ARB TEST    trail: n=   2 evG=+0.240 evN=-20542010999493204.000 win=50% hold=1151 maxDD=41084021998986408.0R
       ARB TEST    bench: n=   3 evG=+8928777.970 evN=+8867161.615 win=67% hold= 958 maxDD=1.2R
        OP TRAIN    trail: n= 172 evG=+0.082 evN=+0.033 win=42% hold=  16 maxDD=20.2R
        OP TRAIN    bench: n= 325 evG=-0.039 evN=-0.089 win=84% hold=  38 maxDD=59.5R
        OP TEST    trail: n=  73 evG=-0.181 evN=-0.224 win=44% hold=  13 maxDD=20.1R
        OP TEST    bench: n= 136 evG=+0.205 evN=+0.162 win=88% hold=  29 maxDD=16.1R
       FIL TRAIN    trail: n= 120 evG=+0.077 evN=+0.027 win=44% hold=  25 maxDD=16.9R
       FIL TRAIN    bench: n= 225 evG=-0.311 evN=-0.361 win=80% hold=  55 maxDD=90.2R
       FIL TEST    trail: n=  87 evG=+0.051 evN=-0.006 win=44% hold=  22 maxDD=9.4R
       FIL TEST    bench: n= 173 evG=+0.180 evN=+0.120 win=87% hold=  23 maxDD=15.2R
       INJ TRAIN    trail: n= 126 evG=+0.266 evN=+0.217 win=47% hold=  29 maxDD=9.3R
       INJ TRAIN    bench: n= 249 evG=-0.255 evN=-0.304 win=84% hold=  50 maxDD=76.2R
       INJ TEST    trail: n=  49 evG=+0.399 evN=+0.357 win=49% hold=  26 maxDD=4.8R
       INJ TEST    bench: n=  96 evG=-0.172 evN=-0.214 win=81% hold=  41 maxDD=28.6R
       SUI TRAIN    trail: n= 162 evG=-0.137 evN=-0.187 win=42% hold=  12 maxDD=30.1R
       SUI TRAIN    bench: n= 312 evG=-0.183 evN=-0.232 win=83% hold=  40 maxDD=74.4R
       SUI TEST    trail: n=  48 evG=-0.035 evN=-0.090 win=44% hold=  24 maxDD=4.4R
       SUI TEST    bench: n= 109 evG=-0.002 evN=-0.059 win=87% hold=  36 maxDD=28.2R
       TIA TRAIN    trail: n= 128 evG=+1707.125 evN=+1707.067 win=41% hold=  32 maxDD=11.0R
       TIA TRAIN    bench: n= 243 evG=+1005.535 evN=+1005.482 win=81% hold=  51 maxDD=57.7R
       TIA TEST    trail: n=  41 evG=+0.800 evN=+0.754 win=41% hold=  32 maxDD=5.2R
       TIA TEST    bench: n=  81 evG=-0.272 evN=-0.321 win=83% hold=  45 maxDD=43.4R
       SEI TRAIN    trail: n= 165 evG=+0.173 evN=+0.125 win=47% hold=  19 maxDD=7.9R
       SEI TRAIN    bench: n= 350 evG=-0.108 evN=-0.155 win=88% hold=  35 maxDD=72.4R
       SEI TEST    trail: n=  60 evG=-0.295 evN=-0.345 win=35% hold=   8 maxDD=20.6R
       SEI TEST    bench: n= 115 evG=+0.180 evN=+0.128 win=88% hold=  31 maxDD=7.5R
       FET TRAIN    trail: n= 134 evG=-0.067 evN=-0.107 win=38% hold=  18 maxDD=21.0R
       FET TRAIN    bench: n= 246 evG=-0.453 evN=-0.493 win=80% hold=  50 maxDD=126.1R
       FET TEST    trail: n=  58 evG=-0.092 evN=-0.132 win=47% hold=  23 maxDD=10.0R
       FET TEST    bench: n= 116 evG=+0.100 evN=+0.060 win=89% hold=  35 maxDD=18.6R
      AAVE TRAIN    trail: n= 148 evG=+0.260 evN=+0.212 win=38% hold=  25 maxDD=22.7R
      AAVE TRAIN    bench: n= 273 evG=-0.228 evN=-0.277 win=81% hold=  45 maxDD=87.8R
      AAVE TEST    trail: n=  33 evG=+0.102 evN=+0.052 win=52% hold=  27 maxDD=5.2R
      AAVE TEST    bench: n=  64 evG=-0.441 evN=-0.490 win=80% hold=  59 maxDD=38.5R
       GRT TRAIN    trail: n= 140 evG=+0.084 evN=+0.029 win=39% hold=  19 maxDD=18.0R
       GRT TRAIN    bench: n= 277 evG=-0.021 evN=-0.077 win=83% hold=  45 maxDD=52.9R
       GRT TEST    trail: n=  43 evG=-0.197 evN=-0.264 win=42% hold=  24 maxDD=10.3R
       GRT TEST    bench: n=  83 evG=-0.142 evN=-0.210 win=80% hold=  48 maxDD=36.5R
      ALGO TRAIN    trail: n= 142 evG=-0.190 evN=-0.245 win=37% hold=  19 maxDD=34.9R
      ALGO TRAIN    bench: n= 275 evG=-0.115 evN=-0.170 win=83% hold=  45 maxDD=51.3R
      ALGO TEST    trail: n=  56 evG=+0.041 evN=-0.008 win=50% hold=  31 maxDD=7.1R
      ALGO TEST    bench: n= 117 evG=+0.124 evN=+0.074 win=86% hold=  33 maxDD=11.6R
       VET TRAIN    trail: n= 134 evG=+0.182 evN=+0.126 win=45% hold=  23 maxDD=17.3R
       VET TRAIN    bench: n= 271 evG=-0.040 evN=-0.098 win=87% hold=  46 maxDD=63.0R
       VET TEST    trail: n=  63 evG=-0.229 evN=-0.297 win=33% hold=  14 maxDD=22.8R
       VET TEST    bench: n= 115 evG=-0.164 evN=-0.232 win=89% hold=  34 maxDD=48.1R
       ICP TRAIN    trail: n= 182 evG=-0.023 evN=-0.071 win=42% hold=  22 maxDD=22.6R
       ICP TRAIN    bench: n= 361 evG=+0.022 evN=-0.026 win=86% hold=  34 maxDD=60.4R
       ICP TEST    trail: n=  78 evG=+0.101 evN=+0.042 win=37% hold=  18 maxDD=22.5R
       ICP TEST    bench: n= 161 evG=+0.192 evN=+0.131 win=89% hold=  23 maxDD=18.2R
      HBAR TRAIN    trail: n= 137 evG=+0.694 evN=+0.646 win=40% hold=  22 maxDD=16.0R
      HBAR TRAIN    bench: n= 262 evG=-0.035 evN=-0.084 win=84% hold=  47 maxDD=97.0R
      HBAR TEST    trail: n=  82 evG=-0.084 evN=-0.148 win=45% hold=  19 maxDD=15.3R
      HBAR TEST    bench: n= 168 evG=+0.186 evN=+0.120 win=90% hold=  23 maxDD=15.0R
       ETC TRAIN    trail: n= 134 evG=+0.184 evN=+0.121 win=37% hold=  26 maxDD=18.2R
       ETC TRAIN    bench: n= 251 evG=-0.126 evN=-0.190 win=82% hold=  49 maxDD=65.4R
       ETC TEST    trail: n=  78 evG=-0.191 evN=-0.269 win=37% hold=  16 maxDD=19.9R
       ETC TEST    bench: n= 169 evG=+0.219 evN=+0.138 win=93% hold=  22 maxDD=19.8R
       BCH TRAIN    trail: n= 157 evG=-0.025 evN=-0.091 win=39% hold=  18 maxDD=19.9R
       BCH TRAIN    bench: n= 319 evG=+0.039 evN=-0.027 win=85% hold=  38 maxDD=31.8R
       BCH TEST    trail: n=  45 evG=-0.102 evN=-0.174 win=47% hold=  21 maxDD=10.1R
       BCH TEST    bench: n=  90 evG=+0.190 evN=+0.115 win=90% hold=  41 maxDD=18.9R
       TRX TRAIN    trail: n= 148 evG=+0.827 evN=+0.684 win=43% hold=  26 maxDD=28.6R
       TRX TRAIN    bench: n= 293 evG=-0.605 evN=-0.743 win=85% hold=  42 maxDD=212.5R
       TRX TEST    trail: n=  45 evG=-0.075 evN=-0.415 win=40% hold=  24 maxDD=24.4R
       TRX TEST    bench: n=  85 evG=-0.318 evN=-0.666 win=86% hold=  45 maxDD=62.1R
      SHIB TRAIN    trail: n= 151 evG=-0.105 evN=-0.164 win=39% hold=  18 maxDD=27.9R
      SHIB TRAIN    bench: n= 287 evG=-0.191 evN=-0.251 win=83% hold=  43 maxDD=77.0R
      SHIB TEST    trail: n=  52 evG=+0.067 evN=-0.000 win=44% hold=  29 maxDD=7.9R
      SHIB TEST    bench: n= 107 evG=+0.063 evN=-0.005 win=91% hold=  37 maxDD=38.0R
      PEPE TRAIN    trail: n= 114 evG=+0.345 evN=+0.302 win=51% hold=  32 maxDD=10.0R
      PEPE TRAIN    bench: n= 229 evG=-0.506 evN=-0.549 win=80% hold=  54 maxDD=137.8R
      PEPE TEST    trail: n=  41 evG=+0.068 evN=+0.011 win=56% hold=  20 maxDD=5.4R
      PEPE TEST    bench: n=  80 evG=-0.067 evN=-0.127 win=84% hold=  49 maxDD=22.5R
       WIF TRAIN    trail: n= 140 evG=+0.043 evN=+0.006 win=39% hold=  20 maxDD=16.7R
       WIF TRAIN    bench: n= 257 evG=-0.187 evN=-0.224 win=79% hold=  48 maxDD=76.0R
       WIF TEST    trail: n=  51 evG=-0.170 evN=-0.218 win=45% hold=  14 maxDD=12.7R
       WIF TEST    bench: n= 103 evG=-0.117 evN=-0.168 win=87% hold=  39 maxDD=34.1R
