AVSL cross-entry + immediate AVSL trailing (config 70/345, NORMAL, tf=4H, assets=35): entry=cross, initSL=2xATR14, trail=AVSL-0.3ATR monotonic causal from bar 1; bench=always-in same orientation; exit=SL|reverse-cross; R=2xATR
       BTC TRAIN    trail: n=  46 evG=+0.319 evN=+0.276 win=17% hold=  34 maxDD=6.5R
       BTC TRAIN    bench: n=  62 evG=+0.163 evN=+0.119 win=15% hold=  38 maxDD=8.3R
       BTC TEST    trail: n=   9 evG=+0.447 evN=+0.396 win=33% hold=  36 maxDD=1.3R
       BTC TEST    bench: n=  12 evG=+0.679 evN=+0.630 win=33% hold=  52 maxDD=2.4R
       ETH TRAIN    trail: n=  41 evG=+0.184 evN=+0.147 win=10% hold=  27 maxDD=9.7R
       ETH TRAIN    bench: n=  53 evG=+0.658 evN=+0.621 win=13% hold=  37 maxDD=9.1R
       ETH TEST    trail: n=   9 evG=+2.454 evN=+2.416 win=22% hold=  86 maxDD=1.7R
       ETH TEST    bench: n=  11 evG=+0.293 evN=+0.254 win=9% hold=  33 maxDD=2.4R
       SOL TRAIN    trail: n=  45 evG=+0.281 evN=+0.253 win=22% hold=  35 maxDD=6.2R
       SOL TRAIN    bench: n=  59 evG=+0.178 evN=+0.150 win=20% hold=  43 maxDD=12.5R
       SOL TEST    trail: n=  34 evG=+0.189 evN=+0.154 win=3% hold=  13 maxDD=11.3R
       SOL TEST    bench: n=  49 evG=+0.021 evN=-0.014 win=6% hold=  18 maxDD=18.7R
       XRP TRAIN    trail: n=  56 evG=+0.412 evN=+0.381 win=14% hold=  30 maxDD=10.0R
       XRP TRAIN    bench: n=  76 evG=+0.174 evN=+0.144 win=16% hold=  31 maxDD=20.4R
       XRP TEST    trail: n=  15 evG=+0.216 evN=+0.174 win=13% hold=  45 maxDD=3.5R
       XRP TEST    bench: n=  21 evG=+0.385 evN=+0.342 win=24% hold=  40 maxDD=5.5R
      DOGE TRAIN    trail: n=  35 evG=+0.248 evN=+0.223 win=11% hold=  45 maxDD=9.0R
      DOGE TRAIN    bench: n=  50 evG=+0.060 evN=+0.035 win=16% hold=  40 maxDD=12.4R
      DOGE TEST    trail: n=  16 evG=+0.189 evN=+0.155 win=19% hold=  21 maxDD=3.4R
      DOGE TEST    bench: n=  23 evG=+0.207 evN=+0.174 win=17% hold=  40 maxDD=7.0R
      AVAX TRAIN    trail: n=  52 evG=+0.260 evN=+0.236 win=12% hold=  29 maxDD=11.4R
      AVAX TRAIN    bench: n=  78 evG=-0.077 evN=-0.101 win=12% hold=  26 maxDD=26.2R
      AVAX TEST    trail: n=  36 evG=+0.439 evN=+0.409 win=8% hold=  22 maxDD=7.8R
      AVAX TEST    bench: n=  48 evG=-0.348 evN=-0.379 win=8% hold=  17 maxDD=18.2R
      LINK TRAIN    trail: n=  31 evG=+0.369 evN=+0.340 win=13% hold=  27 maxDD=4.7R
      LINK TRAIN    bench: n=  41 evG=+0.394 evN=+0.366 win=20% hold=  49 maxDD=5.8R
      LINK TEST    trail: n=  10 evG=-0.443 evN=-0.475 win=10% hold=  13 maxDD=4.0R
      LINK TEST    bench: n=  12 evG=+0.855 evN=+0.824 win=25% hold=  66 maxDD=4.9R
       LTC TRAIN    trail: n=  43 evG=-0.234 evN=-0.259 win=14% hold=  22 maxDD=11.6R
       LTC TRAIN    bench: n=  61 evG=-0.240 evN=-0.265 win=13% hold=  40 maxDD=19.3R
       LTC TEST    trail: n=  15 evG=-0.360 evN=-0.404 win=13% hold=  19 maxDD=5.7R
       LTC TEST    bench: n=  23 evG=+0.162 evN=+0.116 win=13% hold=  41 maxDD=8.4R
      NEAR TRAIN    trail: n=  45 evG=-0.189 evN=-0.209 win=11% hold=  30 maxDD=12.5R
      NEAR TRAIN    bench: n=  65 evG=-0.388 evN=-0.408 win=11% hold=  31 maxDD=28.2R
      NEAR TEST    trail: n=  15 evG=+1.321 evN=+1.304 win=13% hold=  44 maxDD=2.8R
      NEAR TEST    bench: n=  21 evG=+0.636 evN=+0.618 win=10% hold=  36 maxDD=5.2R
       BNB TRAIN    trail: n=  58 evG=-0.003 evN=-0.051 win=12% hold=  24 maxDD=6.8R
       BNB TRAIN    bench: n=  78 evG=+0.081 evN=+0.031 win=13% hold=  31 maxDD=17.4R
       BNB TEST    trail: n=  13 evG=+1.184 evN=+1.138 win=15% hold=  66 maxDD=3.6R
       BNB TEST    bench: n=  18 evG=-0.322 evN=-0.370 win=6% hold=  37 maxDD=6.1R
       ADA TRAIN    trail: n=  21 evG=+0.204 evN=+0.184 win=24% hold=  56 maxDD=2.5R
       ADA TRAIN    bench: n=  30 evG=+0.297 evN=+0.276 win=27% hold=  77 maxDD=4.5R
       ADA TEST    trail: n=  17 evG=+0.252 evN=+0.226 win=24% hold=  35 maxDD=2.2R
       ADA TEST    bench: n=  22 evG=-0.010 evN=-0.036 win=18% hold=  44 maxDD=7.9R
       DOT TRAIN    trail: n=  49 evG=-0.038 evN=-0.063 win=12% hold=  27 maxDD=12.8R
       DOT TRAIN    bench: n=  62 evG=-0.063 evN=-0.088 win=11% hold=  35 maxDD=20.4R
       DOT TEST    trail: n=  11 evG=-0.135 evN=-0.159 win=18% hold=  43 maxDD=3.3R
       DOT TEST    bench: n=  16 evG=-0.798 evN=-0.820 win=12% hold=  54 maxDD=6.6R
       UNI TRAIN    trail: n=  29 evG=-0.155 evN=-0.175 win=7% hold=  22 maxDD=12.6R
       UNI TRAIN    bench: n=  42 evG=+0.258 evN=+0.238 win=17% hold=  52 maxDD=7.7R
       UNI TEST    trail: n=  32 evG=+0.080 evN=+0.060 win=16% hold=  25 maxDD=8.4R
       UNI TEST    bench: n=  43 evG=-0.175 evN=-0.195 win=7% hold=  21 maxDD=16.2R
      ATOM TRAIN    trail: n=  58 evG=+0.138 evN=+0.111 win=12% hold=  26 maxDD=11.1R
      ATOM TRAIN    bench: n=  78 evG=+0.093 evN=+0.065 win=12% hold=  28 maxDD=16.5R
      ATOM TEST    trail: n=  23 evG=+0.091 evN=+0.067 win=17% hold=  29 maxDD=3.5R
      ATOM TEST    bench: n=  32 evG=-0.004 evN=-0.029 win=12% hold=  29 maxDD=6.5R
       APT TRAIN    trail: n=  25 evG=-0.076 evN=-0.093 win=16% hold=  27 maxDD=5.7R
       APT TRAIN    bench: n=  28 evG=+0.362 evN=+0.345 win=21% hold=  76 maxDD=6.4R
       APT TEST    trail: n=  27 evG=+0.023 evN=-0.003 win=19% hold=  25 maxDD=6.7R
       APT TEST    bench: n=  34 evG=-0.256 evN=-0.282 win=12% hold=  29 maxDD=13.8R
       ARB TRAIN    trail: n=  10 evG=+118.893 evN=-124172523224766336.000 win=30% hold= 206 maxDD=1241725232247664640.0R
       ARB TRAIN    bench: n=  11 evG=-26455214341456543744.000 evN=-26568098453479059456.000 win=27% hold= 230 maxDD=292249082988269666304.0R
       ARB TEST    trail: n=   2 evG=-0.704 evN=-208171.917 win=0% hold= 288 maxDD=416343.4R
       ARB TEST    bench: n=   2 evG=-30165938.969 evN=-30374110.182 win=0% hold= 288 maxDD=60748219.9R
        OP TRAIN    trail: n=  37 evG=+0.499 evN=+0.480 win=14% hold=  41 maxDD=5.6R
        OP TRAIN    bench: n=  54 evG=+0.049 evN=+0.030 win=9% hold=  37 maxDD=18.0R
        OP TEST    trail: n=  15 evG=+0.173 evN=+0.151 win=27% hold=  22 maxDD=1.6R
        OP TEST    bench: n=  20 evG=-0.128 evN=-0.150 win=20% hold=  49 maxDD=5.5R
       FIL TRAIN    trail: n=  37 evG=-0.116 evN=-0.140 win=8% hold=  38 maxDD=10.7R
       FIL TRAIN    bench: n=  50 evG=-0.074 evN=-0.099 win=10% hold=  40 maxDD=19.2R
       FIL TEST    trail: n=  16 evG=+0.336 evN=+0.311 win=19% hold=  48 maxDD=4.1R
       FIL TEST    bench: n=  20 evG=+0.133 evN=+0.108 win=10% hold=  42 maxDD=5.8R
       INJ TRAIN    trail: n=  27 evG=+0.023 evN=+0.001 win=15% hold=  25 maxDD=6.6R
       INJ TRAIN    bench: n=  35 evG=+0.401 evN=+0.379 win=14% hold=  57 maxDD=9.7R
       INJ TEST    trail: n=  12 evG=-0.383 evN=-0.399 win=0% hold=   4 maxDD=4.3R
       INJ TEST    bench: n=  13 evG=-0.425 evN=-0.442 win=15% hold=  51 maxDD=4.3R
       SUI TRAIN    trail: n=  39 evG=+0.095 evN=+0.073 win=13% hold=  36 maxDD=10.6R
       SUI TRAIN    bench: n=  50 evG=-0.068 evN=-0.091 win=16% hold=  40 maxDD=18.0R
       SUI TEST    trail: n=   5 evG=+2.545 evN=+2.528 win=40% hold=  45 maxDD=1.0R
       SUI TEST    bench: n=   4 evG=+1.068 evN=+1.053 win=50% hold= 188 maxDD=0.7R
       TIA TRAIN    trail: n=  68 evG=+178.117 evN=+178.099 win=6% hold=  20 maxDD=12.6R
       TIA TRAIN    bench: n=  86 evG=+140.822 evN=+140.804 win=8% hold=  29 maxDD=22.2R
       TIA TEST    trail: n=  20 evG=-0.145 evN=-0.163 win=15% hold=  12 maxDD=5.3R
       TIA TEST    bench: n=  24 evG=-0.139 evN=-0.158 win=17% hold=  39 maxDD=6.0R
       SEI TRAIN    trail: n=  21 evG=+0.798 evN=+0.778 win=14% hold=  86 maxDD=6.0R
       SEI TRAIN    bench: n=  26 evG=+0.445 evN=+0.425 win=19% hold=  76 maxDD=11.0R
       SEI TEST    trail: n=  24 evG=+0.012 evN=-0.009 win=12% hold=  26 maxDD=2.8R
       SEI TEST    bench: n=  32 evG=-0.148 evN=-0.170 win=9% hold=  28 maxDD=5.8R
       FET TRAIN    trail: n=  19 evG=+0.396 evN=+0.376 win=37% hold=  37 maxDD=3.8R
       FET TRAIN    bench: n=  27 evG=+0.788 evN=+0.767 win=30% hold=  75 maxDD=7.0R
       FET TEST    trail: n=  23 evG=-0.067 evN=-0.085 win=13% hold=  31 maxDD=3.7R
       FET TEST    bench: n=  27 evG=-0.200 evN=-0.217 win=15% hold=  35 maxDD=5.7R
      AAVE TRAIN    trail: n=  50 evG=+0.266 evN=+0.243 win=6% hold=  26 maxDD=10.6R
      AAVE TRAIN    bench: n=  69 evG=-0.106 evN=-0.128 win=7% hold=  29 maxDD=21.9R
      AAVE TEST    trail: n=  18 evG=+0.548 evN=+0.526 win=17% hold=  38 maxDD=2.2R
      AAVE TEST    bench: n=  22 evG=+0.212 evN=+0.189 win=23% hold=  35 maxDD=3.7R
       GRT TRAIN    trail: n=  32 evG=-0.105 evN=-0.127 win=19% hold=  31 maxDD=8.7R
       GRT TRAIN    bench: n=  46 evG=+0.163 evN=+0.141 win=17% hold=  43 maxDD=16.6R
       GRT TEST    trail: n=  13 evG=-0.246 evN=-0.266 win=8% hold=  17 maxDD=4.6R
       GRT TEST    bench: n=  17 evG=+0.008 evN=-0.012 win=6% hold=  45 maxDD=7.8R
      ALGO TRAIN    trail: n=  18 evG=+0.772 evN=+0.747 win=17% hold=  22 maxDD=3.2R
      ALGO TRAIN    bench: n=  24 evG=+1.290 evN=+1.265 win=38% hold=  83 maxDD=2.9R
      ALGO TEST    trail: n=  19 evG=-0.094 evN=-0.115 win=21% hold=  33 maxDD=2.8R
      ALGO TEST    bench: n=  27 evG=-0.353 evN=-0.375 win=15% hold=  33 maxDD=9.8R
       VET TRAIN    trail: n=  37 evG=-0.026 evN=-0.050 win=11% hold=  29 maxDD=12.2R
       VET TRAIN    bench: n=  52 evG=-0.068 evN=-0.091 win=12% hold=  38 maxDD=23.0R
       VET TEST    trail: n=  21 evG=+0.173 evN=+0.146 win=5% hold=  15 maxDD=6.0R
       VET TEST    bench: n=  29 evG=+0.082 evN=+0.054 win=7% hold=  32 maxDD=10.8R
       ICP TRAIN    trail: n=  25 evG=+0.415 evN=+0.395 win=12% hold=  52 maxDD=7.8R
       ICP TRAIN    bench: n=  36 evG=+0.355 evN=+0.335 win=11% hold=  53 maxDD=13.9R
       ICP TEST    trail: n=  15 evG=-0.419 evN=-0.443 win=7% hold=  23 maxDD=6.0R
       ICP TEST    bench: n=  20 evG=+0.027 evN=+0.002 win=20% hold=  48 maxDD=5.0R
      HBAR TRAIN    trail: n=  20 evG=+1.071 evN=+1.046 win=25% hold=  50 maxDD=2.3R
      HBAR TRAIN    bench: n=  26 evG=+0.798 evN=+0.773 win=23% hold=  73 maxDD=4.9R
      HBAR TEST    trail: n=  29 evG=-0.080 evN=-0.111 win=21% hold=  30 maxDD=5.4R
      HBAR TEST    bench: n=  38 evG=-0.216 evN=-0.248 win=11% hold=  26 maxDD=8.7R
       ETC TRAIN    trail: n=  31 evG=+0.329 evN=+0.299 win=13% hold=  20 maxDD=6.4R
       ETC TRAIN    bench: n=  41 evG=+0.248 evN=+0.219 win=12% hold=  48 maxDD=11.3R
       ETC TEST    trail: n=  28 evG=-0.065 evN=-0.101 win=7% hold=  20 maxDD=5.9R
       ETC TEST    bench: n=  37 evG=-0.192 evN=-0.226 win=11% hold=  26 maxDD=8.4R
       BCH TRAIN    trail: n=  28 evG=+0.645 evN=+0.616 win=29% hold=  62 maxDD=4.0R
       BCH TRAIN    bench: n=  38 evG=+0.229 evN=+0.200 win=21% hold=  60 maxDD=10.4R
       BCH TEST    trail: n=  22 evG=-0.201 evN=-0.235 win=5% hold=  10 maxDD=4.8R
       BCH TEST    bench: n=  29 evG=+0.319 evN=+0.284 win=7% hold=  28 maxDD=6.3R
       TRX TRAIN    trail: n=  39 evG=-0.100 evN=-0.159 win=10% hold=  22 maxDD=9.2R
       TRX TRAIN    bench: n=  49 evG=+0.393 evN=+0.336 win=14% hold=  46 maxDD=12.3R
       TRX TEST    trail: n=   6 evG=+0.447 evN=+0.342 win=33% hold=  68 maxDD=2.8R
       TRX TEST    bench: n=   9 evG=-0.559 evN=-0.676 win=22% hold=  60 maxDD=7.0R
      SHIB TRAIN    trail: n=  30 evG=+0.204 evN=+0.178 win=17% hold=  40 maxDD=4.8R
      SHIB TRAIN    bench: n=  42 evG=+0.208 evN=+0.183 win=14% hold=  52 maxDD=10.1R
      SHIB TEST    trail: n=  12 evG=-0.345 evN=-0.380 win=8% hold=  20 maxDD=4.2R
      SHIB TEST    bench: n=  20 evG=-0.303 evN=-0.337 win=10% hold=  42 maxDD=7.5R
      PEPE TRAIN    trail: n=  27 evG=+0.017 evN=+0.001 win=7% hold=  27 maxDD=5.0R
      PEPE TRAIN    bench: n=  34 evG=+0.456 evN=+0.439 win=15% hold=  59 maxDD=6.5R
      PEPE TEST    trail: n=  12 evG=+0.325 evN=+0.302 win=17% hold=  61 maxDD=2.8R
      PEPE TEST    bench: n=  17 evG=-0.108 evN=-0.131 win=18% hold=  53 maxDD=6.7R
       WIF TRAIN    trail: n=  20 evG=-0.186 evN=-0.199 win=20% hold=  29 maxDD=5.5R
       WIF TRAIN    bench: n=  24 evG=+0.804 evN=+0.791 win=25% hold=  83 maxDD=12.3R
       WIF TEST    trail: n=  21 evG=+0.062 evN=+0.042 win=10% hold=  39 maxDD=6.1R
       WIF TEST    bench: n=  27 evG=-0.031 evN=-0.051 win=11% hold=  36 maxDD=11.1R
AVSL cross-entry + immediate AVSL trailing (config 70/345, REVERSED, tf=4H, assets=35): entry=cross, initSL=2xATR14, trail=AVSL-0.3ATR monotonic causal from bar 1; bench=always-in same orientation; exit=SL|reverse-cross; R=2xATR
       BTC TRAIN    trail: n=  32 evG=-0.051 evN=-0.096 win=31% hold=  18 maxDD=11.8R
       BTC TRAIN    bench: n=  62 evG=-0.163 evN=-0.207 win=85% hold=  38 maxDD=18.7R
       BTC TEST    trail: n=   7 evG=+0.575 evN=+0.525 win=43% hold=  50 maxDD=2.1R
       BTC TEST    bench: n=  12 evG=-0.679 evN=-0.729 win=67% hold=  52 maxDD=12.1R
       ETH TRAIN    trail: n=  25 evG=+0.215 evN=+0.179 win=36% hold=  17 maxDD=7.8R
       ETH TRAIN    bench: n=  53 evG=-0.658 evN=-0.694 win=87% hold=  37 maxDD=42.4R
       ETH TEST    trail: n=   6 evG=-0.302 evN=-0.342 win=33% hold=   4 maxDD=2.3R
       ETH TEST    bench: n=  11 evG=-0.293 evN=-0.331 win=91% hold=  33 maxDD=7.7R
       SOL TRAIN    trail: n=  32 evG=-0.305 evN=-0.333 win=47% hold=  10 maxDD=9.9R
       SOL TRAIN    bench: n=  59 evG=-0.178 evN=-0.206 win=80% hold=  43 maxDD=19.6R
       SOL TEST    trail: n=  22 evG=+0.949 evN=+0.915 win=59% hold=  17 maxDD=2.0R
       SOL TEST    bench: n=  49 evG=-0.021 evN=-0.056 win=94% hold=  18 maxDD=20.7R
       XRP TRAIN    trail: n=  41 evG=+0.080 evN=+0.049 win=41% hold=  22 maxDD=11.0R
       XRP TRAIN    bench: n=  76 evG=-0.174 evN=-0.205 win=84% hold=  31 maxDD=34.2R
       XRP TEST    trail: n=  11 evG=-0.247 evN=-0.286 win=64% hold=  33 maxDD=4.0R
       XRP TEST    bench: n=  21 evG=-0.385 evN=-0.429 win=76% hold=  40 maxDD=14.0R
      DOGE TRAIN    trail: n=  24 evG=+0.050 evN=+0.024 win=50% hold=  21 maxDD=2.2R
      DOGE TRAIN    bench: n=  50 evG=-0.060 evN=-0.085 win=84% hold=  40 maxDD=17.3R
      DOGE TEST    trail: n=  13 evG=-0.383 evN=-0.415 win=31% hold=   9 maxDD=5.8R
      DOGE TEST    bench: n=  23 evG=-0.207 evN=-0.240 win=83% hold=  40 maxDD=15.7R
      AVAX TRAIN    trail: n=  33 evG=+0.017 evN=-0.006 win=55% hold=  19 maxDD=3.1R
      AVAX TRAIN    bench: n=  78 evG=+0.077 evN=+0.053 win=88% hold=  26 maxDD=22.7R
      AVAX TEST    trail: n=  26 evG=-0.214 evN=-0.244 win=38% hold=   9 maxDD=6.1R
      AVAX TEST    bench: n=  48 evG=+0.348 evN=+0.317 win=92% hold=  17 maxDD=8.0R
      LINK TRAIN    trail: n=  20 evG=-0.273 evN=-0.300 win=35% hold=  17 maxDD=6.1R
      LINK TRAIN    bench: n=  41 evG=-0.394 evN=-0.423 win=80% hold=  49 maxDD=26.5R
      LINK TEST    trail: n=   7 evG=-0.396 evN=-0.426 win=43% hold=  11 maxDD=4.0R
      LINK TEST    bench: n=  12 evG=-0.855 evN=-0.887 win=75% hold=  66 maxDD=16.3R
       LTC TRAIN    trail: n=  30 evG=-0.215 evN=-0.241 win=43% hold=  24 maxDD=6.5R
       LTC TRAIN    bench: n=  61 evG=+0.240 evN=+0.215 win=87% hold=  40 maxDD=9.9R
       LTC TEST    trail: n=  11 evG=+0.310 evN=+0.264 win=73% hold=  34 maxDD=1.3R
       LTC TEST    bench: n=  23 evG=-0.162 evN=-0.208 win=87% hold=  41 maxDD=9.7R
      NEAR TRAIN    trail: n=  37 evG=-0.366 evN=-0.386 win=30% hold=  12 maxDD=13.8R
      NEAR TRAIN    bench: n=  65 evG=+0.388 evN=+0.368 win=89% hold=  31 maxDD=4.8R
      NEAR TEST    trail: n=  10 evG=+2.037 evN=+2.019 win=50% hold=  65 maxDD=1.2R
      NEAR TEST    bench: n=  21 evG=-0.636 evN=-0.653 win=90% hold=  36 maxDD=20.2R
       BNB TRAIN    trail: n=  35 evG=-0.059 evN=-0.106 win=43% hold=  13 maxDD=3.4R
       BNB TRAIN    bench: n=  78 evG=-0.081 evN=-0.131 win=87% hold=  31 maxDD=23.1R
       BNB TEST    trail: n=  10 evG=+1.566 evN=+1.519 win=50% hold=  31 maxDD=4.0R
       BNB TEST    bench: n=  18 evG=+0.322 evN=+0.274 win=94% hold=  37 maxDD=1.4R
       ADA TRAIN    trail: n=  16 evG=+0.626 evN=+0.605 win=44% hold=  44 maxDD=3.3R
       ADA TRAIN    bench: n=  30 evG=-0.297 evN=-0.318 win=73% hold=  77 maxDD=15.3R
       ADA TEST    trail: n=  14 evG=-0.365 evN=-0.390 win=43% hold=  10 maxDD=6.1R
       ADA TEST    bench: n=  22 evG=+0.010 evN=-0.016 win=82% hold=  44 maxDD=9.9R
       DOT TRAIN    trail: n=  34 evG=-0.176 evN=-0.201 win=32% hold=  15 maxDD=13.1R
       DOT TRAIN    bench: n=  62 evG=+0.063 evN=+0.038 win=89% hold=  35 maxDD=13.2R
       DOT TEST    trail: n=   9 evG=+0.010 evN=-0.013 win=44% hold=  16 maxDD=3.3R
       DOT TEST    bench: n=  16 evG=+0.798 evN=+0.776 win=88% hold=  54 maxDD=1.7R
       UNI TRAIN    trail: n=  19 evG=+0.391 evN=+0.372 win=32% hold=  24 maxDD=3.5R
       UNI TRAIN    bench: n=  42 evG=-0.258 evN=-0.277 win=83% hold=  52 maxDD=20.1R
       UNI TEST    trail: n=  20 evG=+0.081 evN=+0.062 win=50% hold=  32 maxDD=2.3R
       UNI TEST    bench: n=  43 evG=+0.175 evN=+0.154 win=93% hold=  21 maxDD=9.6R
      ATOM TRAIN    trail: n=  40 evG=+0.125 evN=+0.098 win=52% hold=  18 maxDD=4.7R
      ATOM TRAIN    bench: n=  78 evG=-0.093 evN=-0.120 win=88% hold=  28 maxDD=24.3R
      ATOM TEST    trail: n=  16 evG=+0.033 evN=+0.009 win=38% hold=  32 maxDD=3.7R
      ATOM TEST    bench: n=  32 evG=+0.004 evN=-0.021 win=88% hold=  29 maxDD=7.3R
       APT TRAIN    trail: n=  18 evG=-0.403 evN=-0.420 win=33% hold=   9 maxDD=7.0R
       APT TRAIN    bench: n=  28 evG=-0.362 evN=-0.380 win=79% hold=  76 maxDD=15.3R
       APT TEST    trail: n=  18 evG=-0.228 evN=-0.254 win=39% hold=  17 maxDD=4.9R
       APT TEST    bench: n=  34 evG=+0.256 evN=+0.230 win=88% hold=  29 maxDD=5.8R
       ARB TRAIN    trail: n=   7 evG=+25.377 evN=-232466553.072 win=14% hold= 241 maxDD=1627266042.4R
       ARB TRAIN    bench: n=  11 evG=+26455214341456543744.000 evN=+26342330229434028032.000 win=55% hold= 230 maxDD=1627258880.0R
       ARB TEST    trail: n=   1 evG=+0.404 evN=+0.372 win=100% hold= 577 maxDD=0.0R
       ARB TEST    bench: n=   2 evG=+30165938.969 evN=+29957767.755 win=100% hold= 288 maxDD=0.0R
        OP TRAIN    trail: n=  26 evG=+1.072 evN=+1.054 win=38% hold=  55 maxDD=3.0R
        OP TRAIN    bench: n=  54 evG=-0.049 evN=-0.067 win=91% hold=  37 maxDD=19.7R
        OP TEST    trail: n=  10 evG=-0.038 evN=-0.059 win=40% hold=  20 maxDD=3.1R
        OP TEST    bench: n=  20 evG=+0.128 evN=+0.107 win=80% hold=  49 maxDD=8.8R
       FIL TRAIN    trail: n=  27 evG=-0.328 evN=-0.352 win=30% hold=  21 maxDD=9.4R
       FIL TRAIN    bench: n=  50 evG=+0.074 evN=+0.050 win=90% hold=  40 maxDD=15.3R
       FIL TEST    trail: n=  11 evG=-0.435 evN=-0.458 win=36% hold=  13 maxDD=5.3R
       FIL TEST    bench: n=  20 evG=-0.133 evN=-0.158 win=90% hold=  42 maxDD=10.2R
       INJ TRAIN    trail: n=  19 evG=+0.324 evN=+0.303 win=58% hold=  36 maxDD=5.0R
       INJ TRAIN    bench: n=  35 evG=-0.401 evN=-0.422 win=86% hold=  57 maxDD=24.1R
       INJ TEST    trail: n=   8 evG=-0.275 evN=-0.291 win=38% hold=  32 maxDD=3.1R
       INJ TEST    bench: n=  13 evG=+0.425 evN=+0.409 win=85% hold=  51 maxDD=0.2R
       SUI TRAIN    trail: n=  27 evG=-0.113 evN=-0.135 win=44% hold=  40 maxDD=11.2R
       SUI TRAIN    bench: n=  50 evG=+0.068 evN=+0.045 win=84% hold=  40 maxDD=9.0R
       SUI TEST    trail: n=   4 evG=-0.702 evN=-0.722 win=25% hold=  68 maxDD=2.0R
       SUI TEST    bench: n=   4 evG=-1.068 evN=-1.083 win=50% hold= 188 maxDD=3.4R
       TIA TRAIN    trail: n=  43 evG=-0.184 evN=-0.202 win=40% hold=  12 maxDD=8.1R
       TIA TRAIN    bench: n=  86 evG=-140.822 evN=-140.841 win=92% hold=  29 maxDD=12124.2R
       TIA TEST    trail: n=  14 evG=-0.370 evN=-0.388 win=29% hold=  13 maxDD=4.9R
       TIA TEST    bench: n=  24 evG=+0.139 evN=+0.120 win=83% hold=  39 maxDD=4.0R
       SEI TRAIN    trail: n=  14 evG=-0.159 evN=-0.179 win=29% hold=  35 maxDD=4.6R
       SEI TRAIN    bench: n=  26 evG=-0.445 evN=-0.464 win=81% hold=  76 maxDD=22.9R
       SEI TEST    trail: n=  19 evG=-0.462 evN=-0.484 win=26% hold=   8 maxDD=8.3R
       SEI TEST    bench: n=  32 evG=+0.148 evN=+0.127 win=91% hold=  28 maxDD=4.3R
       FET TRAIN    trail: n=  15 evG=-0.227 evN=-0.246 win=53% hold=  14 maxDD=3.7R
       FET TRAIN    bench: n=  27 evG=-0.788 evN=-0.808 win=70% hold=  75 maxDD=20.7R
       FET TEST    trail: n=  14 evG=-0.101 evN=-0.118 win=29% hold=  12 maxDD=4.5R
       FET TEST    bench: n=  27 evG=+0.200 evN=+0.183 win=85% hold=  35 maxDD=2.3R
      AAVE TRAIN    trail: n=  32 evG=+0.347 evN=+0.324 win=41% hold=  30 maxDD=3.6R
      AAVE TRAIN    bench: n=  69 evG=+0.106 evN=+0.084 win=93% hold=  29 maxDD=12.0R
      AAVE TEST    trail: n=  13 evG=-0.090 evN=-0.112 win=62% hold=  12 maxDD=3.5R
      AAVE TEST    bench: n=  22 evG=-0.212 evN=-0.235 win=77% hold=  35 maxDD=11.2R
       GRT TRAIN    trail: n=  21 evG=-0.258 evN=-0.280 win=33% hold=  14 maxDD=6.0R
       GRT TRAIN    bench: n=  46 evG=-0.163 evN=-0.186 win=83% hold=  43 maxDD=23.9R
       GRT TEST    trail: n=  10 evG=+0.410 evN=+0.390 win=50% hold=  57 maxDD=2.0R
       GRT TEST    bench: n=  17 evG=-0.008 evN=-0.028 win=94% hold=  45 maxDD=9.0R
      ALGO TRAIN    trail: n=  15 evG=-0.111 evN=-0.136 win=27% hold=  29 maxDD=8.4R
      ALGO TRAIN    bench: n=  24 evG=-1.290 evN=-1.315 win=62% hold=  83 maxDD=34.6R
      ALGO TEST    trail: n=  13 evG=+0.666 evN=+0.645 win=62% hold=  48 maxDD=1.1R
      ALGO TEST    bench: n=  27 evG=+0.353 evN=+0.331 win=85% hold=  33 maxDD=3.1R
       VET TRAIN    trail: n=  25 evG=-0.278 evN=-0.302 win=28% hold=   8 maxDD=8.1R
       VET TRAIN    bench: n=  52 evG=+0.068 evN=+0.044 win=88% hold=  38 maxDD=19.3R
       VET TEST    trail: n=  12 evG=+0.200 evN=+0.173 win=50% hold=  18 maxDD=1.0R
       VET TEST    bench: n=  29 evG=-0.082 evN=-0.109 win=90% hold=  32 maxDD=17.7R
       ICP TRAIN    trail: n=  18 evG=-0.225 evN=-0.245 win=39% hold=  19 maxDD=3.4R
       ICP TRAIN    bench: n=  36 evG=-0.355 evN=-0.376 win=89% hold=  53 maxDD=26.6R
       ICP TEST    trail: n=  10 evG=+0.719 evN=+0.694 win=70% hold=  39 maxDD=1.4R
       ICP TEST    bench: n=  20 evG=-0.027 evN=-0.052 win=80% hold=  48 maxDD=6.7R
      HBAR TRAIN    trail: n=  14 evG=+0.285 evN=+0.260 win=36% hold=  57 maxDD=2.6R
      HBAR TRAIN    bench: n=  26 evG=-0.798 evN=-0.822 win=77% hold=  73 maxDD=24.0R
      HBAR TEST    trail: n=  21 evG=-0.349 evN=-0.381 win=33% hold=  10 maxDD=8.2R
      HBAR TEST    bench: n=  38 evG=+0.216 evN=+0.184 win=89% hold=  26 maxDD=4.6R
       ETC TRAIN    trail: n=  22 evG=+0.274 evN=+0.244 win=41% hold=  37 maxDD=5.8R
       ETC TRAIN    bench: n=  41 evG=-0.248 evN=-0.277 win=88% hold=  48 maxDD=22.9R
       ETC TEST    trail: n=  20 evG=-0.199 evN=-0.233 win=40% hold=  10 maxDD=5.3R
       ETC TEST    bench: n=  37 evG=+0.192 evN=+0.157 win=89% hold=  26 maxDD=8.4R
       BCH TRAIN    trail: n=  19 evG=+1.090 evN=+1.062 win=58% hold=  71 maxDD=2.4R
       BCH TRAIN    bench: n=  38 evG=-0.229 evN=-0.258 win=79% hold=  60 maxDD=14.4R
       BCH TEST    trail: n=  16 evG=-0.169 evN=-0.203 win=44% hold=  10 maxDD=4.7R
       BCH TEST    bench: n=  29 evG=-0.319 evN=-0.353 win=93% hold=  28 maxDD=22.2R
       TRX TRAIN    trail: n=  24 evG=-0.235 evN=-0.295 win=42% hold=  10 maxDD=7.4R
       TRX TRAIN    bench: n=  49 evG=-0.393 evN=-0.451 win=86% hold=  46 maxDD=34.6R
       TRX TEST    trail: n=   5 evG=+0.486 evN=+0.379 win=60% hold=  50 maxDD=1.1R
       TRX TEST    bench: n=   9 evG=+0.559 evN=+0.442 win=78% hold=  60 maxDD=0.7R
      SHIB TRAIN    trail: n=  17 evG=+1.243 evN=+1.217 win=65% hold=  63 maxDD=1.9R
      SHIB TRAIN    bench: n=  42 evG=-0.208 evN=-0.234 win=86% hold=  52 maxDD=17.3R
      SHIB TEST    trail: n=   9 evG=+0.255 evN=+0.222 win=56% hold=  42 maxDD=1.3R
      SHIB TEST    bench: n=  20 evG=+0.303 evN=+0.270 win=90% hold=  42 maxDD=6.3R
      PEPE TRAIN    trail: n=  17 evG=+0.123 evN=+0.106 win=53% hold=   7 maxDD=2.4R
      PEPE TRAIN    bench: n=  34 evG=-0.456 evN=-0.472 win=85% hold=  59 maxDD=14.8R
      PEPE TEST    trail: n=   9 evG=-0.198 evN=-0.221 win=22% hold=  16 maxDD=2.9R
      PEPE TEST    bench: n=  17 evG=+0.108 evN=+0.085 win=82% hold=  53 maxDD=8.9R
       WIF TRAIN    trail: n=  13 evG=+0.262 evN=+0.248 win=54% hold=  35 maxDD=2.0R
       WIF TRAIN    bench: n=  24 evG=-0.804 evN=-0.818 win=75% hold=  83 maxDD=21.0R
       WIF TEST    trail: n=  14 evG=+0.221 evN=+0.201 win=43% hold=  18 maxDD=3.0R
       WIF TEST    bench: n=  27 evG=+0.031 evN=+0.011 win=89% hold=  36 maxDD=13.0R
